#
# There is insufficient memory for the Java Runtime Environment to continue.
# Native memory allocation (malloc) failed to allocate 1897936 bytes. Error detail: Chunk::new
# Possible reasons:
#   The system is out of physical RAM or swap space
#   This process is running with CompressedOops enabled, and the Java Heap may be blocking the growth of the native heap
# Possible solutions:
#   Reduce memory load on the system
#   Increase physical memory or swap space
#   Check if swap backing store is full
#   Decrease Java heap size (-Xmx/-Xms)
#   Decrease number of Java threads
#   Decrease Java thread stack sizes (-Xss)
#   Set larger code cache with -XX:ReservedCodeCacheSize=
#   JVM is running with Unscaled Compressed Oops mode in which the Java heap is
#     placed in the first 4GB address space. The Java Heap base address is the
#     maximum limit for the native heap growth. Please use -XX:HeapBaseMinAddress
#     to set the Java Heap base and to place the Java Heap above 4GB virtual address.
# This output file may be truncated or incomplete.
#
#  Out of Memory Error (arena.cpp:168), pid=101028, tid=97272
#
# JRE version: OpenJDK Runtime Environment Temurin-21.0.12.1+1 (21.0.12.1+1) (build 21.0.12.1+1-LTS)
# Java VM: OpenJDK 64-Bit Server VM Temurin-21.0.12.1+1 (21.0.12.1+1-LTS, mixed mode, sharing, tiered, compressed oops, compressed class ptrs, g1 gc, windows-amd64)
# No core dump will be written. Minidumps are not enabled by default on client versions of Windows
#

---------------  S U M M A R Y ------------

Command Line: --add-opens=java.base/java.lang=ALL-UNNAMED --add-opens=java.base/java.lang.invoke=ALL-UNNAMED --add-opens=java.base/java.util=ALL-UNNAMED --add-opens=java.prefs/java.util.prefs=ALL-UNNAMED --add-exports=jdk.compiler/com.sun.tools.javac.api=ALL-UNNAMED --add-exports=jdk.compiler/com.sun.tools.javac.util=ALL-UNNAMED --add-opens=java.base/java.util=ALL-UNNAMED --add-opens=java.prefs/java.util.prefs=ALL-UNNAMED --add-opens=java.base/java.nio.charset=ALL-UNNAMED --add-opens=java.base/java.net=ALL-UNNAMED --add-opens=java.base/java.util.concurrent.atomic=ALL-UNNAMED --add-opens=java.xml/javax.xml.namespace=ALL-UNNAMED -Xmx1536m -Dfile.encoding=UTF-8 -Duser.country=IN -Duser.language=en -Duser.variant -javaagent:C:\Users\M.P. SINGH\.gradle\wrapper\dists\gradle-8.11.1-all\2qik7nd48slq1ooc2496ixf4i\gradle-8.11.1\lib\agents\gradle-instrumentation-agent-8.11.1.jar org.gradle.launcher.daemon.bootstrap.GradleDaemon 8.11.1

Host: 12th Gen Intel(R) Core(TM) i5-1235U, 12 cores, 7G,  Windows 11 , 64 bit Build 26100 (10.0.26100.9444)
Time: Sat Sep 12 16:04:54 2026 India Standard Time elapsed time: 8.449801 seconds (0d 0h 0m 8s)

---------------  T H R E A D  ---------------

Current thread (0x0000019baf2d6930):  JavaThread "C2 CompilerThread0" daemon [_thread_in_native, id=97272, stack(0x0000007f9ca00000,0x0000007f9cb00000) (1024K)]


Current CompileTask:
C2:8449 2961   !   4       java.lang.ClassLoader::loadClass (121 bytes)

Stack: [0x0000007f9ca00000,0x0000007f9cb00000]
Native frames: (J=compiled Java code, j=interpreted, Vv=VM code, C=native code)
V  [jvm.dll+0x6d83e9]
V  [jvm.dll+0x8b5736]
V  [jvm.dll+0x8b7cee]
V  [jvm.dll+0x8b83d3]
V  [jvm.dll+0x284596]
V  [jvm.dll+0xc685d]
V  [jvm.dll+0xc6da1]
V  [jvm.dll+0x3bf151]
V  [jvm.dll+0x38b6d2]
V  [jvm.dll+0x38ab1a]
V  [jvm.dll+0x24c700]
V  [jvm.dll+0x24bce0]
V  [jvm.dll+0x1cb4ae]
V  [jvm.dll+0x25baad]
V  [jvm.dll+0x25a03a]
V  [jvm.dll+0x3f8aae]
V  [jvm.dll+0x8600cd]
V  [jvm.dll+0x6d6c1d]
C  [ucrtbase.dll+0x2cd30]
C  [KERNEL32.DLL+0x2cd87]
C  [ntdll.dll+0xacaec]


---------------  P R O C E S S  ---------------

Threads class SMR info:
_java_thread_list=0x0000019bf7e92680, length=26, elements={
0x0000019b98111cf0, 0x0000019baf2be9f0, 0x0000019baf2bf600, 0x0000019baf2c26e0,
0x0000019baf2c5630, 0x0000019baf2ce250, 0x0000019baf2cffa0, 0x0000019baf2d6930,
0x0000019baf2db590, 0x0000019baf5363b0, 0x0000019baf4a9490, 0x0000019bf5fbe550,
0x0000019bf5ce36e0, 0x0000019bf5fbc780, 0x0000019bf5e62100, 0x0000019baf3499a0,
0x0000019bf5097cf0, 0x0000019baf312ec0, 0x0000019baf3121a0, 0x0000019baf312830,
0x0000019baf311480, 0x0000019baf313550, 0x0000019baf3100d0, 0x0000019baf310df0,
0x0000019baf310760, 0x0000019bf6556130
}

Java Threads: ( => current thread )
  0x0000019b98111cf0 JavaThread "main"                              [_thread_blocked, id=100520, stack(0x0000007f9bc00000,0x0000007f9bd00000) (1024K)]
  0x0000019baf2be9f0 JavaThread "Reference Handler"          daemon [_thread_blocked, id=101076, stack(0x0000007f9c400000,0x0000007f9c500000) (1024K)]
  0x0000019baf2bf600 JavaThread "Finalizer"                  daemon [_thread_blocked, id=100892, stack(0x0000007f9c500000,0x0000007f9c600000) (1024K)]
  0x0000019baf2c26e0 JavaThread "Signal Dispatcher"          daemon [_thread_blocked, id=101024, stack(0x0000007f9c600000,0x0000007f9c700000) (1024K)]
  0x0000019baf2c5630 JavaThread "Attach Listener"            daemon [_thread_blocked, id=101100, stack(0x0000007f9c700000,0x0000007f9c800000) (1024K)]
  0x0000019baf2ce250 JavaThread "Service Thread"             daemon [_thread_blocked, id=99472, stack(0x0000007f9c800000,0x0000007f9c900000) (1024K)]
  0x0000019baf2cffa0 JavaThread "Monitor Deflation Thread"   daemon [_thread_blocked, id=97288, stack(0x0000007f9c900000,0x0000007f9ca00000) (1024K)]
=>0x0000019baf2d6930 JavaThread "C2 CompilerThread0"         daemon [_thread_in_native, id=97272, stack(0x0000007f9ca00000,0x0000007f9cb00000) (1024K)]
  0x0000019baf2db590 JavaThread "C1 CompilerThread0"         daemon [_thread_blocked, id=101284, stack(0x0000007f9cb00000,0x0000007f9cc00000) (1024K)]
  0x0000019baf5363b0 JavaThread "Common-Cleaner"             daemon [_thread_blocked, id=97312, stack(0x0000007f9cc00000,0x0000007f9cd00000) (1024K)]
  0x0000019baf4a9490 JavaThread "Notification Thread"        daemon [_thread_blocked, id=99856, stack(0x0000007f9cd00000,0x0000007f9ce00000) (1024K)]
  0x0000019bf5fbe550 JavaThread "Daemon health stats"               [_thread_blocked, id=100360, stack(0x0000007f9d200000,0x0000007f9d300000) (1024K)]
  0x0000019bf5ce36e0 JavaThread "Incoming local TCP Connector on port 53697"        [_thread_in_native, id=99916, stack(0x0000007f9d300000,0x0000007f9d400000) (1024K)]
  0x0000019bf5fbc780 JavaThread "Daemon periodic checks"            [_thread_blocked, id=100480, stack(0x0000007f9d400000,0x0000007f9d500000) (1024K)]
  0x0000019bf5e62100 JavaThread "Daemon"                            [_thread_blocked, id=100396, stack(0x0000007f9d500000,0x0000007f9d600000) (1024K)]
  0x0000019baf3499a0 JavaThread "Handler for socket connection from /127.0.0.1:53697 to /127.0.0.1:53699"        [_thread_in_native, id=100472, stack(0x0000007f9d600000,0x0000007f9d700000) (1024K)]
  0x0000019bf5097cf0 JavaThread "Cancel handler"                    [_thread_blocked, id=95964, stack(0x0000007f9d700000,0x0000007f9d800000) (1024K)]
  0x0000019baf312ec0 JavaThread "Daemon worker"                     [_thread_in_native, id=100448, stack(0x0000007f9d800000,0x0000007f9d900000) (1024K)]
  0x0000019baf3121a0 JavaThread "Asynchronous log dispatcher for DefaultDaemonConnection: socket connection from /127.0.0.1:53697 to /127.0.0.1:53699"        [_thread_blocked, id=100388, stack(0x0000007f9d900000,0x0000007f9da00000) (1024K)]
  0x0000019baf312830 JavaThread "Stdin handler"                     [_thread_blocked, id=97692, stack(0x0000007f9da00000,0x0000007f9db00000) (1024K)]
  0x0000019baf311480 JavaThread "Daemon client event forwarder"        [_thread_blocked, id=100032, stack(0x0000007f9db00000,0x0000007f9dc00000) (1024K)]
  0x0000019baf313550 JavaThread "Cache worker for journal cache (C:\Users\M.P. SINGH\.gradle\caches\journal-1)"        [_thread_blocked, id=101060, stack(0x0000007f9dc00000,0x0000007f9dd00000) (1024K)]
  0x0000019baf3100d0 JavaThread "File lock request listener"        [_thread_in_native, id=101008, stack(0x0000007f9dd00000,0x0000007f9de00000) (1024K)]
  0x0000019baf310df0 JavaThread "Cache worker for file hash cache (C:\Users\M.P. SINGH\.gradle\caches\8.11.1\fileHashes)"        [_thread_blocked, id=100644, stack(0x0000007f9de00000,0x0000007f9df00000) (1024K)]
  0x0000019baf310760 JavaThread "File lock release action executor"        [_thread_blocked, id=99872, stack(0x0000007f9df00000,0x0000007f9e000000) (1024K)]
  0x0000019bf6556130 JavaThread "Cache worker for file content cache (C:\Users\M.P. SINGH\.gradle\caches\8.11.1\fileContent)"        [_thread_blocked, id=100668, stack(0x0000007f9e500000,0x0000007f9e600000) (1024K)]
Total: 26

Other Threads:
  0x0000019baf29da70 VMThread "VM Thread"                           [id=99556, stack(0x0000007f9c300000,0x0000007f9c400000) (1024K)]
  0x0000019baf285a20 WatcherThread "VM Periodic Task Thread"        [id=101040, stack(0x0000007f9c200000,0x0000007f9c300000) (1024K)]
  0x0000019b9815b0c0 WorkerThread "GC Thread#0"                     [id=100464, stack(0x0000007f9bd00000,0x0000007f9be00000) (1024K)]
  0x0000019baf6c1fd0 WorkerThread "GC Thread#1"                     [id=100600, stack(0x0000007f9ce00000,0x0000007f9cf00000) (1024K)]
  0x0000019bafa56bf0 WorkerThread "GC Thread#2"                     [id=44224, stack(0x0000007f9cf00000,0x0000007f9d000000) (1024K)]
  0x0000019baf9cc3c0 WorkerThread "GC Thread#3"                     [id=90448, stack(0x0000007f9d000000,0x0000007f9d100000) (1024K)]
  0x0000019bf51e6c10 WorkerThread "GC Thread#4"                     [id=100932, stack(0x0000007f9d100000,0x0000007f9d200000) (1024K)]
  0x0000019bf6d3b250 WorkerThread "GC Thread#5"                     [id=100896, stack(0x0000007f9e000000,0x0000007f9e100000) (1024K)]
  0x0000019bf6d3c870 WorkerThread "GC Thread#6"                     [id=100948, stack(0x0000007f9e100000,0x0000007f9e200000) (1024K)]
  0x0000019bf6d3c4c0 WorkerThread "GC Thread#7"                     [id=100772, stack(0x0000007f9e200000,0x0000007f9e300000) (1024K)]
  0x0000019bf6d3b9b0 WorkerThread "GC Thread#8"                     [id=100524, stack(0x0000007f9e300000,0x0000007f9e400000) (1024K)]
  0x0000019bf6d3c110 WorkerThread "GC Thread#9"                     [id=100876, stack(0x0000007f9e400000,0x0000007f9e500000) (1024K)]
  0x0000019b98167fc0 ConcurrentGCThread "G1 Main Marker"            [id=101212, stack(0x0000007f9be00000,0x0000007f9bf00000) (1024K)]
  0x0000019b98169860 WorkerThread "G1 Conc#0"                       [id=99848, stack(0x0000007f9bf00000,0x0000007f9c000000) (1024K)]
  0x0000019baf154580 ConcurrentGCThread "G1 Refine#0"               [id=101192, stack(0x0000007f9c000000,0x0000007f9c100000) (1024K)]
  0x0000019baf154db0 ConcurrentGCThread "G1 Service"                [id=101264, stack(0x0000007f9c100000,0x0000007f9c200000) (1024K)]
Total: 16

Threads with active compile tasks:
C2 CompilerThread0  8504 2961   !   4       java.lang.ClassLoader::loadClass (121 bytes)
C1 CompilerThread0  8504 2994       3       java.util.HashMap::removeNode (291 bytes)
Total: 2

VM state: not at safepoint (normal execution)

VM Mutex/Monitor currently owned by a thread: None

Heap address: 0x00000000a0000000, size: 1536 MB, Compressed Oops mode: 32-bit

CDS archive(s) mapped at: [0x0000019bb0000000-0x0000019bb0ba0000-0x0000019bb0ba0000), size 12189696, SharedBaseAddress: 0x0000019bb0000000, ArchiveRelocationMode: 1.
Compressed class space mapped at: 0x0000019bb1000000-0x0000019bf1000000, reserved size: 1073741824
Narrow klass base: 0x0000019bb0000000, Narrow klass shift: 0, Narrow klass range: 0x100000000

GC Precious Log:
 CardTable entry size: 512
 Card Set container configuration: InlinePtr #cards 5 size 8 Array Of Cards #cards 12 size 40 Howl #buckets 4 coarsen threshold 1843 Howl Bitmap #cards 512 size 80 coarsen threshold 460 Card regions per heap region 1 cards per card region 2048
 CPUs: 12 total, 12 available
 Memory: 7863M
 Large Page Support: Disabled
 NUMA Support: Disabled
 Compressed Oops: Enabled (32-bit)
 Heap Region Size: 1M
 Heap Min Capacity: 8M
 Heap Initial Capacity: 124M
 Heap Max Capacity: 1536M
 Pre-touch: Disabled
 Parallel Workers: 10
 Concurrent Workers: 3
 Concurrent Refinement Workers: 10
 Periodic GC: Disabled

Heap:
 garbage-first heap   total 126976K, used 32648K [0x00000000a0000000, 0x0000000100000000)
  region size 1024K, 21 young (21504K), 10 survivors (10240K)
 Metaspace       used 19283K, committed 19840K, reserved 1114112K
  class space    used 2822K, committed 3072K, reserved 1048576K

Heap Regions: E=young(eden), S=young(survivor), O=old, HS=humongous(starts), HC=humongous(continues), CS=collection set, F=free, TAMS=top-at-mark-start, PB=parsable bottom
|   0|0x00000000a0000000, 0x00000000a0100000, 0x00000000a0100000|100%|HS|  |TAMS 0x00000000a0000000| PB 0x00000000a0000000| Complete 
|   1|0x00000000a0100000, 0x00000000a0200000, 0x00000000a0200000|100%|HC|  |TAMS 0x00000000a0100000| PB 0x00000000a0100000| Complete 
|   2|0x00000000a0200000, 0x00000000a0300000, 0x00000000a0300000|100%|HC|  |TAMS 0x00000000a0200000| PB 0x00000000a0200000| Complete 
|   3|0x00000000a0300000, 0x00000000a0400000, 0x00000000a0400000|100%| O|  |TAMS 0x00000000a0300000| PB 0x00000000a0300000| Untracked 
|   4|0x00000000a0400000, 0x00000000a0500000, 0x00000000a0500000|100%| O|  |TAMS 0x00000000a0400000| PB 0x00000000a0400000| Untracked 
|   5|0x00000000a0500000, 0x00000000a0600000, 0x00000000a0600000|100%| O|  |TAMS 0x00000000a0500000| PB 0x00000000a0500000| Untracked 
|   6|0x00000000a0600000, 0x00000000a0700000, 0x00000000a0700000|100%|HS|  |TAMS 0x00000000a0600000| PB 0x00000000a0600000| Complete 
|   7|0x00000000a0700000, 0x00000000a0700000, 0x00000000a0800000|  0%| F|  |TAMS 0x00000000a0700000| PB 0x00000000a0700000| Untracked 
|   8|0x00000000a0800000, 0x00000000a0900000, 0x00000000a0900000|100%| O|  |TAMS 0x00000000a0800000| PB 0x00000000a0800000| Untracked 
|   9|0x00000000a0900000, 0x00000000a0a00000, 0x00000000a0a00000|100%| O|  |TAMS 0x00000000a0900000| PB 0x00000000a0900000| Untracked 
|  10|0x00000000a0a00000, 0x00000000a0b00000, 0x00000000a0b00000|100%| O|  |TAMS 0x00000000a0a00000| PB 0x00000000a0a00000| Untracked 
|  11|0x00000000a0b00000, 0x00000000a0c00000, 0x00000000a0c00000|100%| O|  |TAMS 0x00000000a0b00000| PB 0x00000000a0b00000| Untracked 
|  12|0x00000000a0c00000, 0x00000000a0ce21b0, 0x00000000a0d00000| 88%| O|  |TAMS 0x00000000a0c00000| PB 0x00000000a0c00000| Untracked 
|  13|0x00000000a0d00000, 0x00000000a0d00000, 0x00000000a0e00000|  0%| F|  |TAMS 0x00000000a0d00000| PB 0x00000000a0d00000| Untracked 
|  14|0x00000000a0e00000, 0x00000000a0e00000, 0x00000000a0f00000|  0%| F|  |TAMS 0x00000000a0e00000| PB 0x00000000a0e00000| Untracked 
|  15|0x00000000a0f00000, 0x00000000a0f00000, 0x00000000a1000000|  0%| F|  |TAMS 0x00000000a0f00000| PB 0x00000000a0f00000| Untracked 
|  16|0x00000000a1000000, 0x00000000a1000000, 0x00000000a1100000|  0%| F|  |TAMS 0x00000000a1000000| PB 0x00000000a1000000| Untracked 
|  17|0x00000000a1100000, 0x00000000a1100000, 0x00000000a1200000|  0%| F|  |TAMS 0x00000000a1100000| PB 0x00000000a1100000| Untracked 
|  18|0x00000000a1200000, 0x00000000a1200000, 0x00000000a1300000|  0%| F|  |TAMS 0x00000000a1200000| PB 0x00000000a1200000| Untracked 
|  19|0x00000000a1300000, 0x00000000a1300000, 0x00000000a1400000|  0%| F|  |TAMS 0x00000000a1300000| PB 0x00000000a1300000| Untracked 
|  20|0x00000000a1400000, 0x00000000a1400000, 0x00000000a1500000|  0%| F|  |TAMS 0x00000000a1400000| PB 0x00000000a1400000| Untracked 
|  21|0x00000000a1500000, 0x00000000a1500000, 0x00000000a1600000|  0%| F|  |TAMS 0x00000000a1500000| PB 0x00000000a1500000| Untracked 
|  22|0x00000000a1600000, 0x00000000a1600000, 0x00000000a1700000|  0%| F|  |TAMS 0x00000000a1600000| PB 0x00000000a1600000| Untracked 
|  23|0x00000000a1700000, 0x00000000a1700000, 0x00000000a1800000|  0%| F|  |TAMS 0x00000000a1700000| PB 0x00000000a1700000| Untracked 
|  24|0x00000000a1800000, 0x00000000a1800000, 0x00000000a1900000|  0%| F|  |TAMS 0x00000000a1800000| PB 0x00000000a1800000| Untracked 
|  25|0x00000000a1900000, 0x00000000a1900000, 0x00000000a1a00000|  0%| F|  |TAMS 0x00000000a1900000| PB 0x00000000a1900000| Untracked 
|  26|0x00000000a1a00000, 0x00000000a1a00000, 0x00000000a1b00000|  0%| F|  |TAMS 0x00000000a1a00000| PB 0x00000000a1a00000| Untracked 
|  27|0x00000000a1b00000, 0x00000000a1b00000, 0x00000000a1c00000|  0%| F|  |TAMS 0x00000000a1b00000| PB 0x00000000a1b00000| Untracked 
|  28|0x00000000a1c00000, 0x00000000a1c00000, 0x00000000a1d00000|  0%| F|  |TAMS 0x00000000a1c00000| PB 0x00000000a1c00000| Untracked 
|  29|0x00000000a1d00000, 0x00000000a1d00000, 0x00000000a1e00000|  0%| F|  |TAMS 0x00000000a1d00000| PB 0x00000000a1d00000| Untracked 
|  30|0x00000000a1e00000, 0x00000000a1e00000, 0x00000000a1f00000|  0%| F|  |TAMS 0x00000000a1e00000| PB 0x00000000a1e00000| Untracked 
|  31|0x00000000a1f00000, 0x00000000a1f00000, 0x00000000a2000000|  0%| F|  |TAMS 0x00000000a1f00000| PB 0x00000000a1f00000| Untracked 
|  32|0x00000000a2000000, 0x00000000a2000000, 0x00000000a2100000|  0%| F|  |TAMS 0x00000000a2000000| PB 0x00000000a2000000| Untracked 
|  33|0x00000000a2100000, 0x00000000a2100000, 0x00000000a2200000|  0%| F|  |TAMS 0x00000000a2100000| PB 0x00000000a2100000| Untracked 
|  34|0x00000000a2200000, 0x00000000a2200000, 0x00000000a2300000|  0%| F|  |TAMS 0x00000000a2200000| PB 0x00000000a2200000| Untracked 
|  35|0x00000000a2300000, 0x00000000a2300000, 0x00000000a2400000|  0%| F|  |TAMS 0x00000000a2300000| PB 0x00000000a2300000| Untracked 
|  36|0x00000000a2400000, 0x00000000a2400000, 0x00000000a2500000|  0%| F|  |TAMS 0x00000000a2400000| PB 0x00000000a2400000| Untracked 
|  37|0x00000000a2500000, 0x00000000a2500000, 0x00000000a2600000|  0%| F|  |TAMS 0x00000000a2500000| PB 0x00000000a2500000| Untracked 
|  38|0x00000000a2600000, 0x00000000a2600000, 0x00000000a2700000|  0%| F|  |TAMS 0x00000000a2600000| PB 0x00000000a2600000| Untracked 
|  39|0x00000000a2700000, 0x00000000a2700000, 0x00000000a2800000|  0%| F|  |TAMS 0x00000000a2700000| PB 0x00000000a2700000| Untracked 
|  40|0x00000000a2800000, 0x00000000a2900000, 0x00000000a2900000|100%| S|CS|TAMS 0x00000000a2800000| PB 0x00000000a2800000| Complete 
|  41|0x00000000a2900000, 0x00000000a2a00000, 0x00000000a2a00000|100%| S|CS|TAMS 0x00000000a2900000| PB 0x00000000a2900000| Complete 
|  42|0x00000000a2a00000, 0x00000000a2b00000, 0x00000000a2b00000|100%| S|CS|TAMS 0x00000000a2a00000| PB 0x00000000a2a00000| Complete 
|  43|0x00000000a2b00000, 0x00000000a2c00000, 0x00000000a2c00000|100%| S|CS|TAMS 0x00000000a2b00000| PB 0x00000000a2b00000| Complete 
|  44|0x00000000a2c00000, 0x00000000a2d00000, 0x00000000a2d00000|100%| S|CS|TAMS 0x00000000a2c00000| PB 0x00000000a2c00000| Complete 
|  45|0x00000000a2d00000, 0x00000000a2e00000, 0x00000000a2e00000|100%| S|CS|TAMS 0x00000000a2d00000| PB 0x00000000a2d00000| Complete 
|  46|0x00000000a2e00000, 0x00000000a2f00000, 0x00000000a2f00000|100%| S|CS|TAMS 0x00000000a2e00000| PB 0x00000000a2e00000| Complete 
|  47|0x00000000a2f00000, 0x00000000a3000000, 0x00000000a3000000|100%| S|CS|TAMS 0x00000000a2f00000| PB 0x00000000a2f00000| Complete 
|  48|0x00000000a3000000, 0x00000000a3100000, 0x00000000a3100000|100%| S|CS|TAMS 0x00000000a3000000| PB 0x00000000a3000000| Complete 
|  49|0x00000000a3100000, 0x00000000a3200000, 0x00000000a3200000|100%| S|CS|TAMS 0x00000000a3100000| PB 0x00000000a3100000| Complete 
|  50|0x00000000a3200000, 0x00000000a3200000, 0x00000000a3300000|  0%| F|  |TAMS 0x00000000a3200000| PB 0x00000000a3200000| Untracked 
|  51|0x00000000a3300000, 0x00000000a3300000, 0x00000000a3400000|  0%| F|  |TAMS 0x00000000a3300000| PB 0x00000000a3300000| Untracked 
|  52|0x00000000a3400000, 0x00000000a3400000, 0x00000000a3500000|  0%| F|  |TAMS 0x00000000a3400000| PB 0x00000000a3400000| Untracked 
|  53|0x00000000a3500000, 0x00000000a3500000, 0x00000000a3600000|  0%| F|  |TAMS 0x00000000a3500000| PB 0x00000000a3500000| Untracked 
|  54|0x00000000a3600000, 0x00000000a3600000, 0x00000000a3700000|  0%| F|  |TAMS 0x00000000a3600000| PB 0x00000000a3600000| Untracked 
|  55|0x00000000a3700000, 0x00000000a3700000, 0x00000000a3800000|  0%| F|  |TAMS 0x00000000a3700000| PB 0x00000000a3700000| Untracked 
|  56|0x00000000a3800000, 0x00000000a3800000, 0x00000000a3900000|  0%| F|  |TAMS 0x00000000a3800000| PB 0x00000000a3800000| Untracked 
|  57|0x00000000a3900000, 0x00000000a3900000, 0x00000000a3a00000|  0%| F|  |TAMS 0x00000000a3900000| PB 0x00000000a3900000| Untracked 
|  58|0x00000000a3a00000, 0x00000000a3a00000, 0x00000000a3b00000|  0%| F|  |TAMS 0x00000000a3a00000| PB 0x00000000a3a00000| Untracked 
|  59|0x00000000a3b00000, 0x00000000a3b00000, 0x00000000a3c00000|  0%| F|  |TAMS 0x00000000a3b00000| PB 0x00000000a3b00000| Untracked 
|  60|0x00000000a3c00000, 0x00000000a3c00000, 0x00000000a3d00000|  0%| F|  |TAMS 0x00000000a3c00000| PB 0x00000000a3c00000| Untracked 
|  61|0x00000000a3d00000, 0x00000000a3d00000, 0x00000000a3e00000|  0%| F|  |TAMS 0x00000000a3d00000| PB 0x00000000a3d00000| Untracked 
|  62|0x00000000a3e00000, 0x00000000a3e00000, 0x00000000a3f00000|  0%| F|  |TAMS 0x00000000a3e00000| PB 0x00000000a3e00000| Untracked 
|  63|0x00000000a3f00000, 0x00000000a3f00000, 0x00000000a4000000|  0%| F|  |TAMS 0x00000000a3f00000| PB 0x00000000a3f00000| Untracked 
|  64|0x00000000a4000000, 0x00000000a4000000, 0x00000000a4100000|  0%| F|  |TAMS 0x00000000a4000000| PB 0x00000000a4000000| Untracked 
|  65|0x00000000a4100000, 0x00000000a4100000, 0x00000000a4200000|  0%| F|  |TAMS 0x00000000a4100000| PB 0x00000000a4100000| Untracked 
|  66|0x00000000a4200000, 0x00000000a4200000, 0x00000000a4300000|  0%| F|  |TAMS 0x00000000a4200000| PB 0x00000000a4200000| Untracked 
|  67|0x00000000a4300000, 0x00000000a4300000, 0x00000000a4400000|  0%| F|  |TAMS 0x00000000a4300000| PB 0x00000000a4300000| Untracked 
|  68|0x00000000a4400000, 0x00000000a4400000, 0x00000000a4500000|  0%| F|  |TAMS 0x00000000a4400000| PB 0x00000000a4400000| Untracked 
|  69|0x00000000a4500000, 0x00000000a4500000, 0x00000000a4600000|  0%| F|  |TAMS 0x00000000a4500000| PB 0x00000000a4500000| Untracked 
|  70|0x00000000a4600000, 0x00000000a4600000, 0x00000000a4700000|  0%| F|  |TAMS 0x00000000a4600000| PB 0x00000000a4600000| Untracked 
|  71|0x00000000a4700000, 0x00000000a4700000, 0x00000000a4800000|  0%| F|  |TAMS 0x00000000a4700000| PB 0x00000000a4700000| Untracked 
|  72|0x00000000a4800000, 0x00000000a4800000, 0x00000000a4900000|  0%| F|  |TAMS 0x00000000a4800000| PB 0x00000000a4800000| Untracked 
|  73|0x00000000a4900000, 0x00000000a4900000, 0x00000000a4a00000|  0%| F|  |TAMS 0x00000000a4900000| PB 0x00000000a4900000| Untracked 
|  74|0x00000000a4a00000, 0x00000000a4a00000, 0x00000000a4b00000|  0%| F|  |TAMS 0x00000000a4a00000| PB 0x00000000a4a00000| Untracked 
|  75|0x00000000a4b00000, 0x00000000a4b00000, 0x00000000a4c00000|  0%| F|  |TAMS 0x00000000a4b00000| PB 0x00000000a4b00000| Untracked 
|  76|0x00000000a4c00000, 0x00000000a4c00000, 0x00000000a4d00000|  0%| F|  |TAMS 0x00000000a4c00000| PB 0x00000000a4c00000| Untracked 
|  77|0x00000000a4d00000, 0x00000000a4d00000, 0x00000000a4e00000|  0%| F|  |TAMS 0x00000000a4d00000| PB 0x00000000a4d00000| Untracked 
|  78|0x00000000a4e00000, 0x00000000a4e00000, 0x00000000a4f00000|  0%| F|  |TAMS 0x00000000a4e00000| PB 0x00000000a4e00000| Untracked 
|  79|0x00000000a4f00000, 0x00000000a4f00000, 0x00000000a5000000|  0%| F|  |TAMS 0x00000000a4f00000| PB 0x00000000a4f00000| Untracked 
|  80|0x00000000a5000000, 0x00000000a5000000, 0x00000000a5100000|  0%| F|  |TAMS 0x00000000a5000000| PB 0x00000000a5000000| Untracked 
|  81|0x00000000a5100000, 0x00000000a5100000, 0x00000000a5200000|  0%| F|  |TAMS 0x00000000a5100000| PB 0x00000000a5100000| Untracked 
|  82|0x00000000a5200000, 0x00000000a5200000, 0x00000000a5300000|  0%| F|  |TAMS 0x00000000a5200000| PB 0x00000000a5200000| Untracked 
|  83|0x00000000a5300000, 0x00000000a5300000, 0x00000000a5400000|  0%| F|  |TAMS 0x00000000a5300000| PB 0x00000000a5300000| Untracked 
|  84|0x00000000a5400000, 0x00000000a5400000, 0x00000000a5500000|  0%| F|  |TAMS 0x00000000a5400000| PB 0x00000000a5400000| Untracked 
|  85|0x00000000a5500000, 0x00000000a5500000, 0x00000000a5600000|  0%| F|  |TAMS 0x00000000a5500000| PB 0x00000000a5500000| Untracked 
|  86|0x00000000a5600000, 0x00000000a5600000, 0x00000000a5700000|  0%| F|  |TAMS 0x00000000a5600000| PB 0x00000000a5600000| Untracked 
|  87|0x00000000a5700000, 0x00000000a5700000, 0x00000000a5800000|  0%| F|  |TAMS 0x00000000a5700000| PB 0x00000000a5700000| Untracked 
|  88|0x00000000a5800000, 0x00000000a5800000, 0x00000000a5900000|  0%| F|  |TAMS 0x00000000a5800000| PB 0x00000000a5800000| Untracked 
|  89|0x00000000a5900000, 0x00000000a5900000, 0x00000000a5a00000|  0%| F|  |TAMS 0x00000000a5900000| PB 0x00000000a5900000| Untracked 
|  90|0x00000000a5a00000, 0x00000000a5a00000, 0x00000000a5b00000|  0%| F|  |TAMS 0x00000000a5a00000| PB 0x00000000a5a00000| Untracked 
|  91|0x00000000a5b00000, 0x00000000a5b00000, 0x00000000a5c00000|  0%| F|  |TAMS 0x00000000a5b00000| PB 0x00000000a5b00000| Untracked 
|  92|0x00000000a5c00000, 0x00000000a5c00000, 0x00000000a5d00000|  0%| F|  |TAMS 0x00000000a5c00000| PB 0x00000000a5c00000| Untracked 
|  93|0x00000000a5d00000, 0x00000000a5d00000, 0x00000000a5e00000|  0%| F|  |TAMS 0x00000000a5d00000| PB 0x00000000a5d00000| Untracked 
|  94|0x00000000a5e00000, 0x00000000a5e00000, 0x00000000a5f00000|  0%| F|  |TAMS 0x00000000a5e00000| PB 0x00000000a5e00000| Untracked 
|  95|0x00000000a5f00000, 0x00000000a5f00000, 0x00000000a6000000|  0%| F|  |TAMS 0x00000000a5f00000| PB 0x00000000a5f00000| Untracked 
|  96|0x00000000a6000000, 0x00000000a6000000, 0x00000000a6100000|  0%| F|  |TAMS 0x00000000a6000000| PB 0x00000000a6000000| Untracked 
|  97|0x00000000a6100000, 0x00000000a6100000, 0x00000000a6200000|  0%| F|  |TAMS 0x00000000a6100000| PB 0x00000000a6100000| Untracked 
|  98|0x00000000a6200000, 0x00000000a6200000, 0x00000000a6300000|  0%| F|  |TAMS 0x00000000a6200000| PB 0x00000000a6200000| Untracked 
|  99|0x00000000a6300000, 0x00000000a6300000, 0x00000000a6400000|  0%| F|  |TAMS 0x00000000a6300000| PB 0x00000000a6300000| Untracked 
| 100|0x00000000a6400000, 0x00000000a6400000, 0x00000000a6500000|  0%| F|  |TAMS 0x00000000a6400000| PB 0x00000000a6400000| Untracked 
| 101|0x00000000a6500000, 0x00000000a6500000, 0x00000000a6600000|  0%| F|  |TAMS 0x00000000a6500000| PB 0x00000000a6500000| Untracked 
| 102|0x00000000a6600000, 0x00000000a6600000, 0x00000000a6700000|  0%| F|  |TAMS 0x00000000a6600000| PB 0x00000000a6600000| Untracked 
| 103|0x00000000a6700000, 0x00000000a6700000, 0x00000000a6800000|  0%| F|  |TAMS 0x00000000a6700000| PB 0x00000000a6700000| Untracked 
| 104|0x00000000a6800000, 0x00000000a6800000, 0x00000000a6900000|  0%| F|  |TAMS 0x00000000a6800000| PB 0x00000000a6800000| Untracked 
| 105|0x00000000a6900000, 0x00000000a6900000, 0x00000000a6a00000|  0%| F|  |TAMS 0x00000000a6900000| PB 0x00000000a6900000| Untracked 
| 106|0x00000000a6a00000, 0x00000000a6a00000, 0x00000000a6b00000|  0%| F|  |TAMS 0x00000000a6a00000| PB 0x00000000a6a00000| Untracked 
| 107|0x00000000a6b00000, 0x00000000a6b00000, 0x00000000a6c00000|  0%| F|  |TAMS 0x00000000a6b00000| PB 0x00000000a6b00000| Untracked 
| 108|0x00000000a6c00000, 0x00000000a6c00000, 0x00000000a6d00000|  0%| F|  |TAMS 0x00000000a6c00000| PB 0x00000000a6c00000| Untracked 
| 109|0x00000000a6d00000, 0x00000000a6d00000, 0x00000000a6e00000|  0%| F|  |TAMS 0x00000000a6d00000| PB 0x00000000a6d00000| Untracked 
| 110|0x00000000a6e00000, 0x00000000a6e00000, 0x00000000a6f00000|  0%| F|  |TAMS 0x00000000a6e00000| PB 0x00000000a6e00000| Untracked 
| 111|0x00000000a6f00000, 0x00000000a6f00000, 0x00000000a7000000|  0%| F|  |TAMS 0x00000000a6f00000| PB 0x00000000a6f00000| Untracked 
| 112|0x00000000a7000000, 0x00000000a7000000, 0x00000000a7100000|  0%| F|  |TAMS 0x00000000a7000000| PB 0x00000000a7000000| Untracked 
| 113|0x00000000a7100000, 0x00000000a7200000, 0x00000000a7200000|100%| E|  |TAMS 0x00000000a7100000| PB 0x00000000a7100000| Complete 
| 114|0x00000000a7200000, 0x00000000a7300000, 0x00000000a7300000|100%| E|CS|TAMS 0x00000000a7200000| PB 0x00000000a7200000| Complete 
| 115|0x00000000a7300000, 0x00000000a7400000, 0x00000000a7400000|100%| E|CS|TAMS 0x00000000a7300000| PB 0x00000000a7300000| Complete 
| 116|0x00000000a7400000, 0x00000000a7500000, 0x00000000a7500000|100%| E|CS|TAMS 0x00000000a7400000| PB 0x00000000a7400000| Complete 
| 117|0x00000000a7500000, 0x00000000a7600000, 0x00000000a7600000|100%| E|CS|TAMS 0x00000000a7500000| PB 0x00000000a7500000| Complete 
| 118|0x00000000a7600000, 0x00000000a7700000, 0x00000000a7700000|100%| E|CS|TAMS 0x00000000a7600000| PB 0x00000000a7600000| Complete 
| 119|0x00000000a7700000, 0x00000000a7800000, 0x00000000a7800000|100%| E|CS|TAMS 0x00000000a7700000| PB 0x00000000a7700000| Complete 
| 120|0x00000000a7800000, 0x00000000a7900000, 0x00000000a7900000|100%| E|CS|TAMS 0x00000000a7800000| PB 0x00000000a7800000| Complete 
| 121|0x00000000a7900000, 0x00000000a7a00000, 0x00000000a7a00000|100%| E|CS|TAMS 0x00000000a7900000| PB 0x00000000a7900000| Complete 
| 122|0x00000000a7a00000, 0x00000000a7b00000, 0x00000000a7b00000|100%| E|CS|TAMS 0x00000000a7a00000| PB 0x00000000a7a00000| Complete 
| 123|0x00000000a7b00000, 0x00000000a7c00000, 0x00000000a7c00000|100%| E|CS|TAMS 0x00000000a7b00000| PB 0x00000000a7b00000| Complete 

Card table byte_map: [0x0000019baab60000,0x0000019baae60000] _byte_map_base: 0x0000019baa660000

Marking Bits: (CMBitMap*) 0x0000019b9815b6e0
 Bits: [0x0000019baae60000, 0x0000019bac660000)

Polling page: 0x0000019b961a0000

Metaspace:

Usage:
  Non-class:     16.09 MB used.
      Class:      2.76 MB used.
       Both:     18.86 MB used.

Virtual space:
  Non-class space:       64.00 MB reserved,      16.44 MB ( 26%) committed,  1 nodes.
      Class space:        1.00 GB reserved,       3.06 MB ( <1%) committed,  1 nodes.
             Both:        1.06 GB reserved,      19.50 MB (  2%) committed. 

Chunk freelists:
   Non-Class:  15.34 MB
       Class:  13.00 MB
        Both:  28.34 MB

MaxMetaspaceSize: unlimited
CompressedClassSpaceSize: 1.00 GB
Initial GC threshold: 21.00 MB
Current GC threshold: 21.00 MB
CDS: on
 - commit_granule_bytes: 65536.
 - commit_granule_words: 8192.
 - virtual_space_node_default_size: 8388608.
 - enlarge_chunks_in_place: 1.
 - use_allocation_guard: 0.


Internal statistics:

num_allocs_failed_limit: 0.
num_arena_births: 880.
num_arena_deaths: 0.
num_vsnodes_births: 2.
num_vsnodes_deaths: 0.
num_space_committed: 312.
num_space_uncommitted: 0.
num_chunks_returned_to_freelist: 0.
num_chunks_taken_from_freelist: 1626.
num_chunk_merges: 0.
num_chunk_splits: 1058.
num_chunks_enlarged: 705.
num_inconsistent_stats: 0.

CodeHeap 'non-profiled nmethods': size=120000Kb used=1538Kb max_used=1538Kb free=118461Kb
 bounds [0x0000019ba2de0000, 0x0000019ba3050000, 0x0000019baa310000]
CodeHeap 'profiled nmethods': size=120000Kb used=6021Kb max_used=6021Kb free=113978Kb
 bounds [0x0000019b9b310000, 0x0000019b9b900000, 0x0000019ba2840000]
CodeHeap 'non-nmethods': size=5760Kb used=1413Kb max_used=1462Kb free=4346Kb
 bounds [0x0000019ba2840000, 0x0000019ba2ab0000, 0x0000019ba2de0000]
CodeCache: size=245760Kb, used=8972Kb, max_used=9021Kb, free=236785Kb
 total_blobs=3562, nmethods=2989, adapters=477, full_count=0
Compilation: enabled, stopped_count=0, restarted_count=0

Compilation events (20 events):
Event: 8.260 Thread 0x0000019baf2db590 2971       3       java.lang.Package::<init> (47 bytes)
Event: 8.261 Thread 0x0000019baf2db590 nmethod 2971 0x0000019b9b8e1a90 code [0x0000019b9b8e1c80, 0x0000019b9b8e20d8]
Event: 8.274 Thread 0x0000019baf2db590 2972       3       java.lang.invoke.LambdaForm$MH/0x0000019bb10c0000::invoke (42 bytes)
Event: 8.276 Thread 0x0000019baf2db590 nmethod 2972 0x0000019b9b8e2310 code [0x0000019b9b8e25a0, 0x0000019b9b8e3250]
Event: 8.276 Thread 0x0000019baf2db590 2973       3       org.gradle.internal.service.AbstractServiceMethod::<init> (42 bytes)
Event: 8.279 Thread 0x0000019baf2db590 nmethod 2973 0x0000019b9b8e3690 code [0x0000019b9b8e3a00, 0x0000019b9b8e5528]
Event: 8.286 Thread 0x0000019baf2db590 2974       3       org.gradle.internal.service.DefaultServiceRegistry::determineAccessScope (30 bytes)
Event: 8.287 Thread 0x0000019baf2db590 nmethod 2974 0x0000019b9b8e5d10 code [0x0000019b9b8e5f80, 0x0000019b9b8e6a88]
Event: 8.287 Thread 0x0000019baf2db590 2975       3       org.gradle.internal.service.DefaultServiceRegistry$FactoryMethodService::<init> (17 bytes)
Event: 8.288 Thread 0x0000019baf2db590 nmethod 2975 0x0000019b9b8e6e10 code [0x0000019b9b8e6fc0, 0x0000019b9b8e7188]
Event: 8.288 Thread 0x0000019baf2db590 2976       3       org.gradle.internal.service.DefaultServiceRegistry$FactoryMethodService::serviceTypesOf (42 bytes)
Event: 8.290 Thread 0x0000019baf2db590 nmethod 2976 0x0000019b9b8e7290 code [0x0000019b9b8e7580, 0x0000019b9b8e8638]
Event: 8.290 Thread 0x0000019baf2db590 2977   !   3       jdk.proxy1.$Proxy2::value (29 bytes)
Event: 8.291 Thread 0x0000019baf2db590 nmethod 2977 0x0000019b9b8e8b90 code [0x0000019b9b8e8d60, 0x0000019b9b8e9160]
Event: 8.291 Thread 0x0000019baf2db590 2978       3       org.gradle.internal.service.DefaultServiceRegistry$FactoryMethodService::<init> (34 bytes)
Event: 8.291 Thread 0x0000019baf2db590 nmethod 2978 0x0000019b9b8e9310 code [0x0000019b9b8e94e0, 0x0000019b9b8e9948]
Event: 8.315 Thread 0x0000019baf2db590 2981       3       jdk.internal.reflect.ConstantPool::getIntAt (10 bytes)
Event: 8.316 Thread 0x0000019baf2db590 nmethod 2981 0x0000019b9b8e9b90 code [0x0000019b9b8e9d40, 0x0000019b9b8e9e88]
Event: 8.393 Thread 0x0000019baf2db590 2984       3       sun.reflect.generics.repository.AbstractRepository::getReifier (8 bytes)
Event: 8.394 Thread 0x0000019baf2db590 nmethod 2984 0x0000019b9b8e9f10 code [0x0000019b9b8ea0c0, 0x0000019b9b8ea3b0]

GC Heap History (8 events):
Event: 1.162 GC heap before
{Heap before GC invocations=0 (full 0):
 garbage-first heap   total 126976K, used 22528K [0x00000000a0000000, 0x0000000100000000)
  region size 1024K, 23 young (23552K), 0 survivors (0K)
 Metaspace       used 1091K, committed 1216K, reserved 1114112K
  class space    used 82K, committed 128K, reserved 1048576K
}
Event: 1.168 GC heap after
{Heap after GC invocations=1 (full 0):
 garbage-first heap   total 126976K, used 2848K [0x00000000a0000000, 0x0000000100000000)
  region size 1024K, 3 young (3072K), 3 survivors (3072K)
 Metaspace       used 1091K, committed 1216K, reserved 1114112K
  class space    used 82K, committed 128K, reserved 1048576K
}
Event: 2.638 GC heap before
{Heap before GC invocations=1 (full 0):
 garbage-first heap   total 126976K, used 40736K [0x00000000a0000000, 0x0000000100000000)
  region size 1024K, 37 young (37888K), 3 survivors (3072K)
 Metaspace       used 4376K, committed 4544K, reserved 1114112K
  class space    used 552K, committed 640K, reserved 1048576K
}
Event: 2.652 GC heap after
{Heap after GC invocations=2 (full 0):
 garbage-first heap   total 126976K, used 10433K [0x00000000a0000000, 0x0000000100000000)
  region size 1024K, 5 young (5120K), 5 survivors (5120K)
 Metaspace       used 4376K, committed 4544K, reserved 1114112K
  class space    used 552K, committed 640K, reserved 1048576K
}
Event: 3.975 GC heap before
{Heap before GC invocations=2 (full 0):
 garbage-first heap   total 126976K, used 57537K [0x00000000a0000000, 0x0000000100000000)
  region size 1024K, 50 young (51200K), 5 survivors (5120K)
 Metaspace       used 4769K, committed 4992K, reserved 1114112K
  class space    used 614K, committed 704K, reserved 1048576K
}
Event: 3.988 GC heap after
{Heap after GC invocations=3 (full 0):
 garbage-first heap   total 126976K, used 16195K [0x00000000a0000000, 0x0000000100000000)
  region size 1024K, 5 young (5120K), 5 survivors (5120K)
 Metaspace       used 4769K, committed 4992K, reserved 1114112K
  class space    used 614K, committed 704K, reserved 1048576K
}
Event: 7.993 GC heap before
{Heap before GC invocations=3 (full 0):
 garbage-first heap   total 126976K, used 85827K [0x00000000a0000000, 0x0000000100000000)
  region size 1024K, 74 young (75776K), 5 survivors (5120K)
 Metaspace       used 17924K, committed 18496K, reserved 1114112K
  class space    used 2578K, committed 2816K, reserved 1048576K
}
Event: 8.006 GC heap after
{Heap after GC invocations=4 (full 0):
 garbage-first heap   total 126976K, used 22408K [0x00000000a0000000, 0x0000000100000000)
  region size 1024K, 10 young (10240K), 10 survivors (10240K)
 Metaspace       used 17924K, committed 18496K, reserved 1114112K
  class space    used 2578K, committed 2816K, reserved 1048576K
}

Dll operation events (20 events):
Event: 0.312 Attempting to load shared library C:\Users\M.P. SINGH\.vscode\extensions\redhat.java-1.56.0-win32-x64\jre\21.0.12.1-win32-x86_64\bin\nio.dll
Event: 0.314 Loaded shared library C:\Users\M.P. SINGH\.vscode\extensions\redhat.java-1.56.0-win32-x64\jre\21.0.12.1-win32-x86_64\bin\nio.dll
Event: 0.320 Attempting to load shared library C:\Users\M.P. SINGH\.vscode\extensions\redhat.java-1.56.0-win32-x64\jre\21.0.12.1-win32-x86_64\bin\zip.dll
Event: 0.320 Loaded shared library C:\Users\M.P. SINGH\.vscode\extensions\redhat.java-1.56.0-win32-x64\jre\21.0.12.1-win32-x86_64\bin\zip.dll
Event: 0.963 Attempting to load shared library C:\Users\M.P. SINGH\.vscode\extensions\redhat.java-1.56.0-win32-x64\jre\21.0.12.1-win32-x86_64\bin\jimage.dll
Event: 0.963 Loaded shared library C:\Users\M.P. SINGH\.vscode\extensions\redhat.java-1.56.0-win32-x64\jre\21.0.12.1-win32-x86_64\bin\jimage.dll
Event: 1.355 Attempting to load shared library C:\Users\M.P. SINGH\.vscode\extensions\redhat.java-1.56.0-win32-x64\jre\21.0.12.1-win32-x86_64\bin\verify.dll
Event: 1.358 Loaded shared library C:\Users\M.P. SINGH\.vscode\extensions\redhat.java-1.56.0-win32-x64\jre\21.0.12.1-win32-x86_64\bin\verify.dll
Event: 1.693 Attempting to load shared library C:\Users\M.P. SINGH\.gradle\native\c067742578af261105cb4f569cf0c3c89f3d7b1fecec35dd04571415982c5e48\windows-amd64\native-platform.dll
Event: 1.697 Loaded shared library C:\Users\M.P. SINGH\.gradle\native\c067742578af261105cb4f569cf0c3c89f3d7b1fecec35dd04571415982c5e48\windows-amd64\native-platform.dll
Event: 1.708 Attempting to load shared library C:\Users\M.P. SINGH\.gradle\native\100fb08df4bc3b14c8652ba06237920a3bd2aa13389f12d3474272988ae205f9\windows-amd64\native-platform-file-events.dll
Event: 1.723 Loaded shared library C:\Users\M.P. SINGH\.gradle\native\100fb08df4bc3b14c8652ba06237920a3bd2aa13389f12d3474272988ae205f9\windows-amd64\native-platform-file-events.dll
Event: 4.540 Attempting to load shared library C:\Users\M.P. SINGH\.vscode\extensions\redhat.java-1.56.0-win32-x64\jre\21.0.12.1-win32-x86_64\bin\management.dll
Event: 4.543 Loaded shared library C:\Users\M.P. SINGH\.vscode\extensions\redhat.java-1.56.0-win32-x64\jre\21.0.12.1-win32-x86_64\bin\management.dll
Event: 4.550 Attempting to load shared library C:\Users\M.P. SINGH\.vscode\extensions\redhat.java-1.56.0-win32-x64\jre\21.0.12.1-win32-x86_64\bin\management_ext.dll
Event: 4.555 Loaded shared library C:\Users\M.P. SINGH\.vscode\extensions\redhat.java-1.56.0-win32-x64\jre\21.0.12.1-win32-x86_64\bin\management_ext.dll
Event: 5.226 Attempting to load shared library C:\Users\M.P. SINGH\.vscode\extensions\redhat.java-1.56.0-win32-x64\jre\21.0.12.1-win32-x86_64\bin\extnet.dll
Event: 5.228 Loaded shared library C:\Users\M.P. SINGH\.vscode\extensions\redhat.java-1.56.0-win32-x64\jre\21.0.12.1-win32-x86_64\bin\extnet.dll
Event: 5.729 Attempting to load shared library C:\Users\M.P. SINGH\.vscode\extensions\redhat.java-1.56.0-win32-x64\jre\21.0.12.1-win32-x86_64\bin\sunmscapi.dll
Event: 5.740 Loaded shared library C:\Users\M.P. SINGH\.vscode\extensions\redhat.java-1.56.0-win32-x64\jre\21.0.12.1-win32-x86_64\bin\sunmscapi.dll

Deoptimization events (20 events):
Event: 7.137 Thread 0x0000019baf312ec0 DEOPT PACKING pc=0x0000019ba2e0a080 sp=0x0000007f9d8fb400
Event: 7.137 Thread 0x0000019baf312ec0 DEOPT UNPACKING pc=0x0000019ba2894422 sp=0x0000007f9d8fb398 mode 2
Event: 7.141 Thread 0x0000019baf312ec0 Uncommon trap: trap_request=0xffffff45 fr.pc=0x0000019ba2e75598 relative=0x0000000000000638
Event: 7.141 Thread 0x0000019baf312ec0 Uncommon trap: reason=unstable_if action=reinterpret pc=0x0000019ba2e75598 method=java.io.File.getName()Ljava/lang/String; @ 16 c2
Event: 7.141 Thread 0x0000019baf312ec0 DEOPT PACKING pc=0x0000019ba2e75598 sp=0x0000007f9d8fb3c0
Event: 7.141 Thread 0x0000019baf312ec0 DEOPT UNPACKING pc=0x0000019ba2894422 sp=0x0000007f9d8fb390 mode 2
Event: 7.287 Thread 0x0000019baf312ec0 Uncommon trap: trap_request=0xffffff45 fr.pc=0x0000019ba2e11a14 relative=0x00000000000000f4
Event: 7.287 Thread 0x0000019baf312ec0 Uncommon trap: reason=unstable_if action=reinterpret pc=0x0000019ba2e11a14 method=java.util.HashMap.hash(Ljava/lang/Object;)I @ 1 c2
Event: 7.287 Thread 0x0000019baf312ec0 DEOPT PACKING pc=0x0000019ba2e11a14 sp=0x0000007f9d8fc420
Event: 7.287 Thread 0x0000019baf312ec0 DEOPT UNPACKING pc=0x0000019ba2894422 sp=0x0000007f9d8fc360 mode 2
Event: 7.367 Thread 0x0000019baf312ec0 DEOPT PACKING pc=0x0000019b9b7a9161 sp=0x0000007f9d8fbeb0
Event: 7.367 Thread 0x0000019baf312ec0 DEOPT UNPACKING pc=0x0000019ba2894bc2 sp=0x0000007f9d8fb3c0 mode 0
Event: 7.376 Thread 0x0000019baf312ec0 DEOPT PACKING pc=0x0000019b9b7a9161 sp=0x0000007f9d8fc490
Event: 7.376 Thread 0x0000019baf312ec0 DEOPT UNPACKING pc=0x0000019ba2894bc2 sp=0x0000007f9d8fb9a0 mode 0
Event: 7.858 Thread 0x0000019baf312ec0 DEOPT PACKING pc=0x0000019b9b7a9161 sp=0x0000007f9d8fb980
Event: 7.859 Thread 0x0000019baf312ec0 DEOPT UNPACKING pc=0x0000019ba2894bc2 sp=0x0000007f9d8fae90 mode 0
Event: 7.924 Thread 0x0000019baf312ec0 DEOPT PACKING pc=0x0000019b9b7a9161 sp=0x0000007f9d8fbec0
Event: 7.924 Thread 0x0000019baf312ec0 DEOPT UNPACKING pc=0x0000019ba2894bc2 sp=0x0000007f9d8fb3d0 mode 0
Event: 7.954 Thread 0x0000019baf312ec0 DEOPT PACKING pc=0x0000019b9b7a9182 sp=0x0000007f9d8faca0
Event: 7.954 Thread 0x0000019baf312ec0 DEOPT UNPACKING pc=0x0000019ba2894bc2 sp=0x0000007f9d8fa1b0 mode 0

Classes loaded (20 events):
Event: 7.458 Loading class java/lang/invoke/BoundMethodHandle$Species_LLLLLLLLLLLLLLLLLLLLLL
Event: 7.458 Loading class java/lang/invoke/BoundMethodHandle$Species_LLLLLLLLLLLLLLLLLLLLLL done
Event: 7.462 Loading class java/lang/invoke/BoundMethodHandle$Species_LLLLLLLLLLLLLLLLLLLLLLL
Event: 7.462 Loading class java/lang/invoke/BoundMethodHandle$Species_LLLLLLLLLLLLLLLLLLLLLLL done
Event: 7.674 Loading class java/util/function/LongFunction
Event: 7.674 Loading class java/util/function/LongFunction done
Event: 7.872 Loading class java/security/InvalidKeyException
Event: 7.872 Loading class java/security/KeyException
Event: 7.872 Loading class java/security/KeyException done
Event: 7.872 Loading class java/security/InvalidKeyException done
Event: 7.970 Loading class java/io/ObjectOutputStream
Event: 7.971 Loading class java/io/ObjectOutput
Event: 7.972 Loading class java/io/ObjectOutput done
Event: 7.972 Loading class java/io/ObjectStreamConstants
Event: 7.972 Loading class java/io/ObjectStreamConstants done
Event: 7.972 Loading class java/io/ObjectOutputStream done
Event: 7.973 Loading class java/io/ObjectInputStream
Event: 7.974 Loading class java/io/ObjectInput
Event: 7.974 Loading class java/io/ObjectInput done
Event: 7.974 Loading class java/io/ObjectInputStream done

Classes unloaded (0 events):
No events

Classes redefined (0 events):
No events

Internal exceptions (20 events):
Event: 7.238 Thread 0x0000019baf312ec0 Exception <a 'java/lang/IncompatibleClassChangeError'{0x00000000a4255298}: Found class java.lang.Object, but interface was expected> (0x00000000a4255298) 
thrown [s\src\hotspot\share\interpreter\linkResolver.cpp, line 840]
Event: 7.287 Thread 0x0000019baf312ec0 Implicit null exception at 0x0000019ba2e11966 to 0x0000019ba2e11a0a
Event: 7.323 Thread 0x0000019baf312ec0 Exception <a 'java/lang/NoSuchMethodError'{0x00000000a4045d30}: 'int java.lang.invoke.DirectMethodHandle$Holder.invokeStatic(java.lang.Object, java.lang.Object, java.lang.Object, java.lang.Object)'> (0x00000000a4045d30) 
thrown [s\src\hotspot\share\interpreter\linkResolver.cpp, line 773]
Event: 7.416 Thread 0x0000019baf312ec0 Exception <a 'java/lang/NoSuchMethodError'{0x00000000a3e39960}: 'java.lang.Object java.lang.invoke.DelegatingMethodHandle$Holder.reinvoke_L(java.lang.Object, java.lang.Object, java.lang.Object, java.lang.Object, java.lang.Object, java.lang.Object, java.lang.Object, java.lang.Object, java.lang.Object, java.lang.Object, java.lang.Object, java.lang.Object, java.lang.Object, java.lang.Object, java.lang.Object, java.lang.Object, java.lang.Object, java.lang.Object, java.lang.Object, java.lang.Object, java.lang.O
Event: 7.425 Thread 0x0000019baf312ec0 Exception <a 'java/lang/NoSuchMethodError'{0x00000000a3ea70b8}: 'java.lang.Object java.lang.invoke.DirectMethodHandle$Holder.invokeStatic(java.lang.Object, java.lang.Object, java.lang.Object, java.lang.Object, java.lang.Object, java.lang.Object, java.lang.Object, java.lang.Object, java.lang.Object, java.lang.Object, java.lang.Object, java.lang.Object, java.lang.Object, java.lang.Object, java.lang.Object, java.lang.Object, java.lang.Object)'> (0x00000000a3ea70b8) 
thrown [s\src\hotspot\share\interpreter\lin
Event: 7.429 Thread 0x0000019baf312ec0 Exception <a 'java/lang/NoSuchMethodError'{0x00000000a3ed0070}: 'java.lang.Object java.lang.invoke.DirectMethodHandle$Holder.invokeStatic(java.lang.Object, java.lang.Object, java.lang.Object, java.lang.Object, java.lang.Object, java.lang.Object, java.lang.Object, java.lang.Object, java.lang.Object, java.lang.Object, java.lang.Object, java.lang.Object, java.lang.Object, java.lang.Object, java.lang.Object, java.lang.Object, java.lang.Object, java.lang.Object)'> (0x00000000a3ed0070) 
thrown [s\src\hotspot\sha
Event: 7.433 Thread 0x0000019baf312ec0 Exception <a 'java/lang/NoSuchMethodError'{0x00000000a3efa420}: 'java.lang.Object java.lang.invoke.DirectMethodHandle$Holder.invokeStatic(java.lang.Object, java.lang.Object, java.lang.Object, java.lang.Object, java.lang.Object, java.lang.Object, java.lang.Object, java.lang.Object, java.lang.Object, java.lang.Object, java.lang.Object, java.lang.Object, java.lang.Object, java.lang.Object, java.lang.Object, java.lang.Object, java.lang.Object, java.lang.Object, java.lang.Object)'> (0x00000000a3efa420) 
thrown 
Event: 7.437 Thread 0x0000019baf312ec0 Exception <a 'java/lang/NoSuchMethodError'{0x00000000a3d25ba0}: 'java.lang.Object java.lang.invoke.DirectMethodHandle$Holder.invokeStatic(java.lang.Object, java.lang.Object, java.lang.Object, java.lang.Object, java.lang.Object, java.lang.Object, java.lang.Object, java.lang.Object, java.lang.Object, java.lang.Object, java.lang.Object, java.lang.Object, java.lang.Object, java.lang.Object, java.lang.Object, java.lang.Object, java.lang.Object, java.lang.Object, java.lang.Object, java.lang.Object)'> (0x00000000
Event: 7.443 Thread 0x0000019baf312ec0 Exception <a 'java/lang/NoSuchMethodError'{0x00000000a3d522a0}: 'java.lang.Object java.lang.invoke.DirectMethodHandle$Holder.invokeStatic(java.lang.Object, java.lang.Object, java.lang.Object, java.lang.Object, java.lang.Object, java.lang.Object, java.lang.Object, java.lang.Object, java.lang.Object, java.lang.Object, java.lang.Object, java.lang.Object, java.lang.Object, java.lang.Object, java.lang.Object, java.lang.Object, java.lang.Object, java.lang.Object, java.lang.Object, java.lang.Object, java.lang.Obj
Event: 7.447 Thread 0x0000019baf312ec0 Exception <a 'java/lang/NoSuchMethodError'{0x00000000a3d7fd08}: 'java.lang.Object java.lang.invoke.DirectMethodHandle$Holder.invokeStatic(java.lang.Object, java.lang.Object, java.lang.Object, java.lang.Object, java.lang.Object, java.lang.Object, java.lang.Object, java.lang.Object, java.lang.Object, java.lang.Object, java.lang.Object, java.lang.Object, java.lang.Object, java.lang.Object, java.lang.Object, java.lang.Object, java.lang.Object, java.lang.Object, java.lang.Object, java.lang.Object, java.lang.Obj
Event: 7.452 Thread 0x0000019baf312ec0 Exception <a 'java/lang/NoSuchMethodError'{0x00000000a3dadfc8}: 'java.lang.Object java.lang.invoke.DirectMethodHandle$Holder.invokeStatic(java.lang.Object, java.lang.Object, java.lang.Object, java.lang.Object, java.lang.Object, java.lang.Object, java.lang.Object, java.lang.Object, java.lang.Object, java.lang.Object, java.lang.Object, java.lang.Object, java.lang.Object, java.lang.Object, java.lang.Object, java.lang.Object, java.lang.Object, java.lang.Object, java.lang.Object, java.lang.Object, java.lang.Obj
Event: 7.456 Thread 0x0000019baf312ec0 Exception <a 'java/lang/NoSuchMethodError'{0x00000000a3ddd230}: 'java.lang.Object java.lang.invoke.DirectMethodHandle$Holder.invokeStatic(java.lang.Object, java.lang.Object, java.lang.Object, java.lang.Object, java.lang.Object, java.lang.Object, java.lang.Object, java.lang.Object, java.lang.Object, java.lang.Object, java.lang.Object, java.lang.Object, java.lang.Object, java.lang.Object, java.lang.Object, java.lang.Object, java.lang.Object, java.lang.Object, java.lang.Object, java.lang.Object, java.lang.Obj
Event: 7.460 Thread 0x0000019baf312ec0 Exception <a 'java/lang/NoSuchMethodError'{0x00000000a3c0d590}: 'java.lang.Object java.lang.invoke.DirectMethodHandle$Holder.invokeStatic(java.lang.Object, java.lang.Object, java.lang.Object, java.lang.Object, java.lang.Object, java.lang.Object, java.lang.Object, java.lang.Object, java.lang.Object, java.lang.Object, java.lang.Object, java.lang.Object, java.lang.Object, java.lang.Object, java.lang.Object, java.lang.Object, java.lang.Object, java.lang.Object, java.lang.Object, java.lang.Object, java.lang.Obj
Event: 7.465 Thread 0x0000019baf312ec0 Exception <a 'java/lang/NoSuchMethodError'{0x00000000a3c3ecd0}: 'java.lang.Object java.lang.invoke.DirectMethodHandle$Holder.invokeStatic(java.lang.Object, java.lang.Object, java.lang.Object, java.lang.Object, java.lang.Object, java.lang.Object, java.lang.Object, java.lang.Object, java.lang.Object, java.lang.Object, java.lang.Object, java.lang.Object, java.lang.Object, java.lang.Object, java.lang.Object, java.lang.Object, java.lang.Object, java.lang.Object, java.lang.Object, java.lang.Object, java.lang.Obj
Event: 7.940 Thread 0x0000019baf312ec0 Exception <a 'java/lang/IncompatibleClassChangeError'{0x00000000a3386388}: Found class java.lang.Object, but interface was expected> (0x00000000a3386388) 
thrown [s\src\hotspot\share\interpreter\linkResolver.cpp, line 840]
Event: 7.949 Thread 0x0000019baf312ec0 Exception <a 'java/lang/NoSuchMethodError'{0x00000000a33b33e0}: 'java.lang.Object java.lang.invoke.DirectMethodHandle$Holder.newInvokeSpecial(java.lang.Object, java.lang.Object, java.lang.Object, java.lang.Object, java.lang.Object, java.lang.Object, java.lang.Object, java.lang.Object, java.lang.Object, java.lang.Object)'> (0x00000000a33b33e0) 
thrown [s\src\hotspot\share\interpreter\linkResolver.cpp, line 773]
Event: 7.989 Thread 0x0000019baf312ec0 Exception <a 'java/lang/NoSuchMethodError'{0x00000000a32d6ef8}: 'java.lang.Object java.lang.invoke.DirectMethodHandle$Holder.newInvokeSpecial(java.lang.Object, java.lang.Object, java.lang.Object, java.lang.Object, java.lang.Object, java.lang.Object, java.lang.Object, java.lang.Object)'> (0x00000000a32d6ef8) 
thrown [s\src\hotspot\share\interpreter\linkResolver.cpp, line 773]
Event: 8.045 Thread 0x0000019baf312ec0 Exception <a 'java/lang/NoSuchMethodError'{0x00000000a7bc6778}: 'int java.lang.invoke.DirectMethodHandle$Holder.invokeStaticInit(java.lang.Object, java.lang.Object, java.lang.Object)'> (0x00000000a7bc6778) 
thrown [s\src\hotspot\share\interpreter\linkResolver.cpp, line 773]
Event: 8.295 Thread 0x0000019baf312ec0 Exception <a 'java/lang/NoSuchMethodError'{0x00000000a7580e50}: 'java.lang.Object java.lang.invoke.DirectMethodHandle$Holder.invokeVirtual(java.lang.Object, java.lang.Object, java.lang.Object, java.lang.Object, java.lang.Object, java.lang.Object, java.lang.Object, java.lang.Object, java.lang.Object, java.lang.Object, java.lang.Object, java.lang.Object, java.lang.Object, java.lang.Object, java.lang.Object, java.lang.Object, java.lang.Object, java.lang.Object, java.lang.Object, java.lang.Object, java.lang.Ob
Event: 8.314 Thread 0x0000019baf312ec0 Exception <a 'java/lang/NoSuchMethodError'{0x00000000a75f1310}: 'java.lang.Object java.lang.invoke.DirectMethodHandle$Holder.invokeSpecial(java.lang.Object, java.lang.Object, java.lang.Object, java.lang.Object, java.lang.Object, java.lang.Object, java.lang.Object, java.lang.Object, java.lang.Object, java.lang.Object, java.lang.Object, java.lang.Object, java.lang.Object, java.lang.Object, java.lang.Object, java.lang.Object, java.lang.Object, java.lang.Object, java.lang.Object, java.lang.Object, java.lang.Ob

ZGC Phase Switch (0 events):
No events

VM Operations (20 events):
Event: 5.102 Executing safepoint VM operation: Cleanup
Event: 5.102 Executing safepoint VM operation: Cleanup done
Event: 5.378 Executing non-safepoint VM operation: HandshakeAllThreads (Deoptimize)
Event: 5.379 Executing non-safepoint VM operation: HandshakeAllThreads (Deoptimize) done
Event: 5.666 Executing non-safepoint VM operation: HandshakeAllThreads (Deoptimize)
Event: 5.666 Executing non-safepoint VM operation: HandshakeAllThreads (Deoptimize) done
Event: 6.473 Executing non-safepoint VM operation: HandshakeAllThreads (Deoptimize)
Event: 6.474 Executing non-safepoint VM operation: HandshakeAllThreads (Deoptimize) done
Event: 6.474 Executing safepoint VM operation: Cleanup
Event: 6.474 Executing safepoint VM operation: Cleanup done
Event: 6.958 Executing non-safepoint VM operation: HandshakeAllThreads (Deoptimize)
Event: 6.958 Executing non-safepoint VM operation: HandshakeAllThreads (Deoptimize) done
Event: 7.480 Executing non-safepoint VM operation: HandshakeAllThreads (Deoptimize)
Event: 7.480 Executing non-safepoint VM operation: HandshakeAllThreads (Deoptimize) done
Event: 7.480 Executing safepoint VM operation: Cleanup
Event: 7.480 Executing safepoint VM operation: Cleanup done
Event: 7.481 Executing non-safepoint VM operation: HandshakeAllThreads (Deoptimize)
Event: 7.481 Executing non-safepoint VM operation: HandshakeAllThreads (Deoptimize) done
Event: 7.993 Executing safepoint VM operation: G1CollectForAllocation (G1 Evacuation Pause)
Event: 8.006 Executing safepoint VM operation: G1CollectForAllocation (G1 Evacuation Pause) done

Memory protections (0 events):
No events

Nmethod flushes (0 events):
No events

Events (20 events):
Event: 0.154 Thread 0x0000019b98111cf0 Thread added: 0x0000019baf2ce250
Event: 0.154 Thread 0x0000019b98111cf0 Thread added: 0x0000019baf2cffa0
Event: 0.154 Thread 0x0000019b98111cf0 Thread added: 0x0000019baf2d6930
Event: 0.155 Thread 0x0000019b98111cf0 Thread added: 0x0000019baf2db590
Event: 0.300 Thread 0x0000019b98111cf0 Thread added: 0x0000019baf5363b0
Event: 0.354 Thread 0x0000019b98111cf0 Thread added: 0x0000019baf4a9490
Event: 4.661 Thread 0x0000019b98111cf0 Thread added: 0x0000019bf5fbe550
Event: 5.323 Thread 0x0000019b98111cf0 Thread added: 0x0000019bf5ce36e0
Event: 5.563 Thread 0x0000019b98111cf0 Thread added: 0x0000019bf5fbc780
Event: 5.796 Thread 0x0000019bf5ce36e0 Thread added: 0x0000019bf5e62100
Event: 5.803 Thread 0x0000019bf5e62100 Thread added: 0x0000019baf3499a0
Event: 5.888 Thread 0x0000019bf5e62100 Thread added: 0x0000019bf5097cf0
Event: 5.942 Thread 0x0000019bf5e62100 Thread added: 0x0000019baf312ec0
Event: 5.963 Thread 0x0000019baf312ec0 Thread added: 0x0000019baf3121a0
Event: 5.972 Thread 0x0000019baf312ec0 Thread added: 0x0000019baf312830
Event: 5.977 Thread 0x0000019baf312ec0 Thread added: 0x0000019baf311480
Event: 6.959 Thread 0x0000019baf312ec0 Thread added: 0x0000019baf313550
Event: 6.991 Thread 0x0000019baf312ec0 Thread added: 0x0000019baf3100d0
Event: 7.042 Thread 0x0000019baf312ec0 Thread added: 0x0000019baf310df0
Event: 7.569 Thread 0x0000019baf3100d0 Thread added: 0x0000019baf310760


Dynamic libraries:
0x00007ff7642c0000 - 0x00007ff7642ce000 	C:\Users\M.P. SINGH\.vscode\extensions\redhat.java-1.56.0-win32-x64\jre\21.0.12.1-win32-x86_64\bin\java.exe
0x00007ffb3fa40000 - 0x00007ffb3fca7000 	C:\WINDOWS\SYSTEM32\ntdll.dll
0x00007ffb3e190000 - 0x00007ffb3e25b000 	C:\WINDOWS\System32\KERNEL32.DLL
0x00007ffb3cc40000 - 0x00007ffb3d042000 	C:\WINDOWS\System32\KERNELBASE.dll
0x00007ffb3d210000 - 0x00007ffb3d35c000 	C:\WINDOWS\System32\ucrtbase.dll
0x00007ffb17ef0000 - 0x00007ffb17f08000 	C:\Users\M.P. SINGH\.vscode\extensions\redhat.java-1.56.0-win32-x64\jre\21.0.12.1-win32-x86_64\bin\jli.dll
0x00007ffb37010000 - 0x00007ffb3702e000 	C:\Users\M.P. SINGH\.vscode\extensions\redhat.java-1.56.0-win32-x64\jre\21.0.12.1-win32-x86_64\bin\VCRUNTIME140.dll
0x00007ffb3e340000 - 0x00007ffb3e50f000 	C:\WINDOWS\System32\USER32.dll
0x00007ffb3d730000 - 0x00007ffb3d757000 	C:\WINDOWS\System32\win32u.dll
0x00007ffb3f550000 - 0x00007ffb3f57b000 	C:\WINDOWS\System32\GDI32.dll
0x00007ffb17b70000 - 0x00007ffb17e00000 	C:\WINDOWS\WinSxS\amd64_microsoft.windows.common-controls_6595b64144ccf1df_6.0.26100.9278_none_3e0d1ba8e3303201\COMCTL32.dll
0x00007ffb3d050000 - 0x00007ffb3d179000 	C:\WINDOWS\System32\gdi32full.dll
0x00007ffb3dd80000 - 0x00007ffb3de29000 	C:\WINDOWS\System32\msvcrt.dll
0x00007ffb3d370000 - 0x00007ffb3d413000 	C:\WINDOWS\System32\msvcp_win.dll
0x00007ffb3d760000 - 0x00007ffb3d791000 	C:\WINDOWS\System32\IMM32.DLL
0x00007ffb370e0000 - 0x00007ffb370ec000 	C:\Users\M.P. SINGH\.vscode\extensions\redhat.java-1.56.0-win32-x64\jre\21.0.12.1-win32-x86_64\bin\vcruntime140_1.dll
0x00007ffafadd0000 - 0x00007ffafae5d000 	C:\Users\M.P. SINGH\.vscode\extensions\redhat.java-1.56.0-win32-x64\jre\21.0.12.1-win32-x86_64\bin\msvcp140.dll
0x00007ffa89f70000 - 0x00007ffa8ad12000 	C:\Users\M.P. SINGH\.vscode\extensions\redhat.java-1.56.0-win32-x64\jre\21.0.12.1-win32-x86_64\bin\server\jvm.dll
0x00007ffb3e5b0000 - 0x00007ffb3e66c000 	C:\WINDOWS\System32\ADVAPI32.dll
0x00007ffb3e260000 - 0x00007ffb3e309000 	C:\WINDOWS\System32\sechost.dll
0x00007ffb3f6e0000 - 0x00007ffb3f7f8000 	C:\WINDOWS\System32\RPCRT4.dll
0x00007ffb3dcf0000 - 0x00007ffb3dd70000 	C:\WINDOWS\System32\WS2_32.dll
0x00007ffb3caa0000 - 0x00007ffb3cafe000 	C:\WINDOWS\SYSTEM32\POWRPROF.dll
0x00007ffb29530000 - 0x00007ffb2953b000 	C:\WINDOWS\SYSTEM32\VERSION.dll
0x00007ffb30a20000 - 0x00007ffb30a56000 	C:\WINDOWS\SYSTEM32\WINMM.dll
0x00007ffb3ca80000 - 0x00007ffb3ca95000 	C:\WINDOWS\SYSTEM32\UMPDC.dll
0x00007ffb3b910000 - 0x00007ffb3b92b000 	C:\WINDOWS\SYSTEM32\kernel.appcore.dll
0x00007ffb2b050000 - 0x00007ffb2b05a000 	C:\Users\M.P. SINGH\.vscode\extensions\redhat.java-1.56.0-win32-x64\jre\21.0.12.1-win32-x86_64\bin\jimage.dll
0x00007ffb3a300000 - 0x00007ffb3a54c000 	C:\WINDOWS\SYSTEM32\DBGHELP.DLL
0x00007ffb3d7a0000 - 0x00007ffb3db25000 	C:\WINDOWS\System32\combase.dll
0x00007ffb3df50000 - 0x00007ffb3e029000 	C:\WINDOWS\System32\OLEAUT32.dll
0x00007ffb14e40000 - 0x00007ffb14e7b000 	C:\WINDOWS\SYSTEM32\dbgcore.DLL
0x00007ffb3d670000 - 0x00007ffb3d71c000 	C:\WINDOWS\System32\bcryptPrimitives.dll
0x00007ffb235f0000 - 0x00007ffb235ff000 	C:\Users\M.P. SINGH\.vscode\extensions\redhat.java-1.56.0-win32-x64\jre\21.0.12.1-win32-x86_64\bin\instrument.dll
0x00007ffb10fc0000 - 0x00007ffb10fe0000 	C:\Users\M.P. SINGH\.vscode\extensions\redhat.java-1.56.0-win32-x64\jre\21.0.12.1-win32-x86_64\bin\java.dll
0x00007ffb3edb0000 - 0x00007ffb3f548000 	C:\WINDOWS\System32\SHELL32.dll
0x00007ffb3a670000 - 0x00007ffb3af1e000 	C:\WINDOWS\SYSTEM32\windows.storage.dll
0x00007ffb3db60000 - 0x00007ffb3dc5b000 	C:\WINDOWS\System32\SHCORE.dll
0x00007ffb3e0c0000 - 0x00007ffb3e126000 	C:\WINDOWS\System32\shlwapi.dll
0x00007ffb3cb60000 - 0x00007ffb3cb89000 	C:\WINDOWS\SYSTEM32\profapi.dll
0x00007ffb0ebb0000 - 0x00007ffb0ebc8000 	C:\Users\M.P. SINGH\.vscode\extensions\redhat.java-1.56.0-win32-x64\jre\21.0.12.1-win32-x86_64\bin\zip.dll
0x00007ffb2ab50000 - 0x00007ffb2ab60000 	C:\Users\M.P. SINGH\.vscode\extensions\redhat.java-1.56.0-win32-x64\jre\21.0.12.1-win32-x86_64\bin\net.dll
0x00007ffb34230000 - 0x00007ffb3435a000 	C:\WINDOWS\SYSTEM32\WINHTTP.dll
0x00007ffb3bed0000 - 0x00007ffb3bf3c000 	C:\WINDOWS\system32\mswsock.dll
0x00007ffb0a9a0000 - 0x00007ffb0a9b6000 	C:\Users\M.P. SINGH\.vscode\extensions\redhat.java-1.56.0-win32-x64\jre\21.0.12.1-win32-x86_64\bin\nio.dll
0x00007ffb1f130000 - 0x00007ffb1f140000 	C:\Users\M.P. SINGH\.vscode\extensions\redhat.java-1.56.0-win32-x64\jre\21.0.12.1-win32-x86_64\bin\verify.dll
0x00007ffb01400000 - 0x00007ffb01427000 	C:\Users\M.P. SINGH\.gradle\native\c067742578af261105cb4f569cf0c3c89f3d7b1fecec35dd04571415982c5e48\windows-amd64\native-platform.dll
0x00007ffa8edd0000 - 0x00007ffa8ef14000 	C:\Users\M.P. SINGH\.gradle\native\100fb08df4bc3b14c8652ba06237920a3bd2aa13389f12d3474272988ae205f9\windows-amd64\native-platform-file-events.dll
0x00007ffb331e0000 - 0x00007ffb331ea000 	C:\Users\M.P. SINGH\.vscode\extensions\redhat.java-1.56.0-win32-x64\jre\21.0.12.1-win32-x86_64\bin\management.dll
0x00007ffb331d0000 - 0x00007ffb331dc000 	C:\Users\M.P. SINGH\.vscode\extensions\redhat.java-1.56.0-win32-x64\jre\21.0.12.1-win32-x86_64\bin\management_ext.dll
0x00007ffb3e180000 - 0x00007ffb3e188000 	C:\WINDOWS\System32\PSAPI.DLL
0x00007ffb3c1c0000 - 0x00007ffb3c1db000 	C:\WINDOWS\SYSTEM32\CRYPTSP.dll
0x00007ffb3b870000 - 0x00007ffb3b8a9000 	C:\WINDOWS\system32\rsaenh.dll
0x00007ffb3bf80000 - 0x00007ffb3bfb4000 	C:\WINDOWS\SYSTEM32\USERENV.dll
0x00007ffb3cb30000 - 0x00007ffb3cb5a000 	C:\WINDOWS\SYSTEM32\bcrypt.dll
0x00007ffb3c1e0000 - 0x00007ffb3c1ec000 	C:\WINDOWS\SYSTEM32\CRYPTBASE.dll
0x00007ffb3b2f0000 - 0x00007ffb3b323000 	C:\WINDOWS\SYSTEM32\IPHLPAPI.DLL
0x00007ffb3e5a0000 - 0x00007ffb3e5aa000 	C:\WINDOWS\System32\NSI.dll
0x00007ffb331c0000 - 0x00007ffb331c9000 	C:\Users\M.P. SINGH\.vscode\extensions\redhat.java-1.56.0-win32-x64\jre\21.0.12.1-win32-x86_64\bin\extnet.dll
0x00007ffaffa00000 - 0x00007ffaffa0e000 	C:\Users\M.P. SINGH\.vscode\extensions\redhat.java-1.56.0-win32-x64\jre\21.0.12.1-win32-x86_64\bin\sunmscapi.dll
0x00007ffb3d4e0000 - 0x00007ffb3d65e000 	C:\WINDOWS\System32\CRYPT32.dll
0x00007ffb3c400000 - 0x00007ffb3c430000 	C:\WINDOWS\SYSTEM32\ncrypt.dll
0x00007ffb3c3b0000 - 0x00007ffb3c3ef000 	C:\WINDOWS\SYSTEM32\NTASN1.dll
0x00007ffb0af00000 - 0x00007ffb0af08000 	C:\WINDOWS\system32\wshunix.dll

JVMTI agents:
C:\Users\M.P. SINGH\.gradle\wrapper\dists\gradle-8.11.1-all\2qik7nd48slq1ooc2496ixf4i\gradle-8.11.1\lib\agents\gradle-instrumentation-agent-8.11.1.jar path:C:\Users\M.P. SINGH\.vscode\extensions\redhat.java-1.56.0-win32-x64\jre\21.0.12.1-win32-x86_64\bin\instrument.dll, loaded, initialized, instrumentlib options:none

dbghelp: loaded successfully - version: 4.0.5 - missing functions: none
symbol engine: initialized successfully - sym options: 0x614 - pdb path: .;C:\Users\M.P. SINGH\.vscode\extensions\redhat.java-1.56.0-win32-x64\jre\21.0.12.1-win32-x86_64\bin;C:\WINDOWS\SYSTEM32;C:\WINDOWS\WinSxS\amd64_microsoft.windows.common-controls_6595b64144ccf1df_6.0.26100.9278_none_3e0d1ba8e3303201;C:\Users\M.P. SINGH\.vscode\extensions\redhat.java-1.56.0-win32-x64\jre\21.0.12.1-win32-x86_64\bin\server;C:\Users\M.P. SINGH\.gradle\native\c067742578af261105cb4f569cf0c3c89f3d7b1fecec35dd04571415982c5e48\windows-amd64;C:\Users\M.P. SINGH\.gradle\native\100fb08df4bc3b14c8652ba06237920a3bd2aa13389f12d3474272988ae205f9\windows-amd64

VM Arguments:
jvm_args: --add-opens=java.base/java.lang=ALL-UNNAMED --add-opens=java.base/java.lang.invoke=ALL-UNNAMED --add-opens=java.base/java.util=ALL-UNNAMED --add-opens=java.prefs/java.util.prefs=ALL-UNNAMED --add-exports=jdk.compiler/com.sun.tools.javac.api=ALL-UNNAMED --add-exports=jdk.compiler/com.sun.tools.javac.util=ALL-UNNAMED --add-opens=java.base/java.util=ALL-UNNAMED --add-opens=java.prefs/java.util.prefs=ALL-UNNAMED --add-opens=java.base/java.nio.charset=ALL-UNNAMED --add-opens=java.base/java.net=ALL-UNNAMED --add-opens=java.base/java.util.concurrent.atomic=ALL-UNNAMED --add-opens=java.xml/javax.xml.namespace=ALL-UNNAMED -Xmx1536m -Dfile.encoding=UTF-8 -Duser.country=IN -Duser.language=en -Duser.variant -javaagent:C:\Users\M.P. SINGH\.gradle\wrapper\dists\gradle-8.11.1-all\2qik7nd48slq1ooc2496ixf4i\gradle-8.11.1\lib\agents\gradle-instrumentation-agent-8.11.1.jar 
java_command: org.gradle.launcher.daemon.bootstrap.GradleDaemon 8.11.1
java_class_path (initial): C:\Users\M.P. SINGH\.gradle\wrapper\dists\gradle-8.11.1-all\2qik7nd48slq1ooc2496ixf4i\gradle-8.11.1\lib\gradle-daemon-main-8.11.1.jar
Launcher Type: SUN_STANDARD

[Global flags]
     intx CICompilerCount                          = 4                                         {product} {ergonomic}
     uint ConcGCThreads                            = 3                                         {product} {ergonomic}
     uint G1ConcRefinementThreads                  = 10                                        {product} {ergonomic}
   size_t G1HeapRegionSize                         = 1048576                                   {product} {ergonomic}
    uintx GCDrainStackTargetSize                   = 64                                        {product} {ergonomic}
   size_t InitialHeapSize                          = 130023424                                 {product} {ergonomic}
   size_t MarkStackSize                            = 4194304                                   {product} {ergonomic}
   size_t MaxHeapSize                              = 1610612736                                {product} {command line}
   size_t MaxNewSize                               = 965738496                                 {product} {ergonomic}
   size_t MinHeapDeltaBytes                        = 1048576                                   {product} {ergonomic}
   size_t MinHeapSize                              = 8388608                                   {product} {ergonomic}
    uintx NonNMethodCodeHeapSize                   = 5839372                                {pd product} {ergonomic}
    uintx NonProfiledCodeHeapSize                  = 122909434                              {pd product} {ergonomic}
    uintx ProfiledCodeHeapSize                     = 122909434                              {pd product} {ergonomic}
    uintx ReservedCodeCacheSize                    = 251658240                              {pd product} {ergonomic}
     bool SegmentedCodeCache                       = true                                      {product} {ergonomic}
   size_t SoftMaxHeapSize                          = 1610612736                             {manageable} {ergonomic}
     bool UseCompressedOops                        = true                           {product lp64_product} {ergonomic}
     bool UseG1GC                                  = true                                      {product} {ergonomic}
     bool UseLargePagesIndividualAllocation        = false                                  {pd product} {ergonomic}

Logging:
Log output configuration:
 #0: stdout all=warning uptime,level,tags foldmultilines=false
 #1: stderr all=off uptime,level,tags foldmultilines=false

Release file:
JAVA_VERSION="21.0.12.1" 
MODULES="java.base java.compiler java.datatransfer java.xml java.prefs java.desktop java.instrument java.logging java.management java.security.sasl java.naming java.rmi java.management.rmi java.net.http java.scripting java.security.jgss java.transaction.xa java.sql java.sql.rowset java.xml.crypto java.se java.smartcardio jdk.accessibility jdk.internal.jvmstat jdk.attach jdk.charsets jdk.internal.opt jdk.zipfs jdk.compiler jdk.crypto.ec jdk.crypto.cryptoki jdk.crypto.mscapi jdk.dynalink jdk.internal.ed jdk.editpad jdk.hotspot.agent jdk.httpserver jdk.internal.le jdk.internal.vm.ci jdk.internal.vm.compiler jdk.internal.vm.compiler.management jdk.jartool jdk.javadoc jdk.jcmd jdk.management jdk.management.agent jdk.jconsole jdk.jdeps jdk.jdwp.agent jdk.jdi jdk.jfr jdk.jshell jdk.jsobject jdk.jstatd jdk.localedata jdk.management.jfr jdk.naming.dns jdk.naming.rmi jdk.net jdk.nio.mapmode jdk.random jdk.sctp jdk.security.auth jdk.security.jgss jdk.unsupported jdk.unsupported.desktop jdk.xml.dom" 

Environment Variables:
JAVA_HOME=C:\Users\M.P. SINGH\AppData\Local\Programs\Eclipse Adoptium\jdk-17.0.8.101-hotspot\
PATH=C:\Python38\Scripts\;C:\Python38\;C:\Program Files\Common Files\Oracle\Java\javapath;C:\WINDOWS\system32;C:\WINDOWS;C:\WINDOWS\System32\Wbem;C:\WINDOWS\System32\WindowsPowerShell\v1.0\;C:\WINDOWS\System32\OpenSSH\;C:\Program Files\MySQL\MySQL Server 8.0\bin;C:\Program Files\Git\cmd;C:\Program Files\Git\mingw64\bin;C:\Program Files\Git\usr\bin;C:\Program Files\Java\jdk-22\bin;C:\Program Files\MongoDB\Server\7.0\bin;D:\My folder\5th sem\DAA Lab;C:\ProgramData\chocolatey\bin;C:\Program Files\OpenSSL-Win64\bin\;C:\mingw-w64\mingw64\bin;C:\Program Files\nodejs\;C:\Program Files\Docker\Docker\resources\bin;C:\Program Files\WireGuard\;C:\Users\M.P. SINGH\.local\bin;C:\Users\M.P. SINGH\AppData\Local\Programs\Python\Python313\Scripts\;C:\Users\M.P. SINGH\AppData\Local\Programs\Python\Python313\;C:\Users\M.P. SINGH\AppData\Local\Programs\Python\Python312\Scripts\;C:\Users\M.P. SINGH\AppData\Local\Programs\Python\Python312\;C:\Users\M.P. SINGH\AppData\Local\Programs\Eclipse Adoptium\jdk-17.0.8.101-hotspot\bin;C:\Users\M.P. SINGH\AppData\Local\Microsoft\WindowsApps;C:\Users\M.P. SINGH\AppData\Local\GitHubDesktop\bin;C:\Users\M.P. SINGH\AppData\Local\Programs\Microsoft VS Code\bin;C:\Users\M.P. SINGH\AppData\Local\Programs\mongosh\;C:\Users\M.P. SINGH\AppData\Roaming\npm;C:\Program Files\JetBrains\PyCharm 2025.2.4\bin
USERNAME=M.P. SINGH
OS=Windows_NT
PROCESSOR_IDENTIFIER=Intel64 Family 6 Model 154 Stepping 4, GenuineIntel
TMP=C:\Users\MPAFBF~1.SIN\AppData\Local\Temp
TEMP=C:\Users\MPAFBF~1.SIN\AppData\Local\Temp




Periodic native trim disabled

---------------  S Y S T E M  ---------------

OS:
 Windows 11 , 64 bit Build 26100 (10.0.26100.9444)
OS uptime: 0 days 6:06 hours
Hyper-V role detected

CPU: total 12 (initial active 12) (6 cores per cpu, 2 threads per core) family 6 model 154 stepping 4 microcode 0x42c, cx8, cmov, fxsr, ht, mmx, 3dnowpref, sse, sse2, sse3, ssse3, sse4.1, sse4.2, popcnt, lzcnt, tsc, tscinvbit, avx, avx2, aes, erms, clmul, bmi1, bmi2, adx, sha, fma, vzeroupper, clflush, clflushopt, clwb, hv, serialize, rdtscp, rdpid, fsrm, f16c, cet_ibt, cet_ss
Processor Information for processor 0
  Max Mhz: 1300, Current Mhz: 1300, Mhz Limit: 1300
Processor Information for processor 1
  Max Mhz: 1300, Current Mhz: 1300, Mhz Limit: 1300
Processor Information for processor 2
  Max Mhz: 1300, Current Mhz: 1300, Mhz Limit: 1300
Processor Information for processor 3
  Max Mhz: 1300, Current Mhz: 1300, Mhz Limit: 1300
Processor Information for processor 4
  Max Mhz: 1300, Current Mhz: 900, Mhz Limit: 897
Processor Information for processor 5
  Max Mhz: 1300, Current Mhz: 900, Mhz Limit: 897
Processor Information for processor 6
  Max Mhz: 1300, Current Mhz: 900, Mhz Limit: 897
Processor Information for processor 7
  Max Mhz: 1300, Current Mhz: 900, Mhz Limit: 897
Processor Information for processor 8
  Max Mhz: 1300, Current Mhz: 900, Mhz Limit: 897
Processor Information for processor 9
  Max Mhz: 1300, Current Mhz: 900, Mhz Limit: 897
Processor Information for processor 10
  Max Mhz: 1300, Current Mhz: 900, Mhz Limit: 897
Processor Information for processor 11
  Max Mhz: 1300, Current Mhz: 900, Mhz Limit: 897

Memory: 4k page, system-wide physical 7863M (148M free)
TotalPageFile size 20663M (AvailPageFile size 3M)
current process WorkingSet (physical memory assigned to process): 200M, peak: 204M
current process commit charge ("private bytes"): 280M, peak: 281M

vm_info: OpenJDK 64-Bit Server VM (21.0.12.1+1-LTS) for windows-amd64 JRE (21.0.12.1+1-LTS), built on 2026-08-18T00:00:00Z by "admin" with MS VC++ 17.12 (VS2022)

END.
